// Jest Snapshot v1, https://goo.gl/fbAQLP

exports[`Testing rocket components Generating the snapshots for rocket component 1`] = `
<div>
  <div
    class="rocket"
  >
    <img
      alt="Test Rocket"
      src="image1.jpg"
    />
    <div
      class="rocket-detail"
    >
      <h2>
        Test Rocket
      </h2>
      <p>
        Test rocket description
      </p>
      <button
        class="btn btn-primary"
        type="button"
      >
        Reserve Rocket
      </button>
    </div>
  </div>
</div>
`;
